xmverilog(64): 24.03-s013: (c) Copyright 1995-2025 Cadence Design Systems, Inc.
TOOL:	xmverilog	24.03-s013: Started on Feb 11, 2026 at 18:36:51 EST
xmverilog
	testbench.v
	alu.v
	+define+I0
	+access+rw
file: testbench.v
	module worklib.tb:v
		errors: 0, warnings: 0
file: alu.v
	module worklib.alu:v
		errors: 0, warnings: 0
		Caching library 'worklib' ....... Done
	Elaborating the design hierarchy:
	Building instance overlay tables: .................... Done
	Generating native compiled code:
		worklib.alu:v <0x3fdc8252>
			streams:  13, words: 10066
		worklib.tb:v <0x52d152cd>
			streams:  14, words: 20718
	Building instance specific data structures.
	Loading native compiled code:     .................... Done
	Design hierarchy summary:
		                 Instances  Unique
		Modules:                 2       2
		Registers:              50      50
		Scalar wires:            5       -
		Vectored wires:          4       -
		Always blocks:           5       5
		Initial blocks:          6       6
		Cont. assignments:       0       3
		Pseudo assignments:      6       -
		Process Clocks:          3       2
		Simulation timescale:  1ps
	Writing initial simulation snapshot: worklib.tb:v
Loading snapshot worklib.tb:v .................... Done
xcelium> source /CMC/tools/cadence/XCELIUMMAIN24.03.013_lnx86/tools/xcelium/files/xmsimrc
xcelium> run
Test[          0]: Correct!
Test[          1]: Correct!
Test[          2]: Correct!
Test[          3]: Correct!
Test[          4]: Correct!
Test[          5]: Correct!
Test[          6]: Correct!
Test[          7]: Correct!
Test[          8]: Correct!
Test[          9]: Correct!
Test[         10]: Correct!
Test[         11]: Correct!
Test[         12]: Correct!
Test[         13]: Correct!
Test[         14]: Correct!
Test[         15]: Correct!
Test[         16]: Correct!
Test[         17]: Correct!
Test[         18]: Correct!
Test[         19]: Correct!
Pattern: ./pattern/INST0_I.dat
----------------------------------------------
-                 ALL PASS!                  -
----------------------------------------------
Simulation complete via $finish(1) at time 360 NS + 0
./testbench.v:174         $finish;
xcelium> exit
TOOL:	xmverilog	24.03-s013: Exiting on Feb 11, 2026 at 18:36:52 EST  (total: 00:00:01)
